******************************************************************************
                  TI ARM Linker PC v20.2.7                     
******************************************************************************
>> Linked Mon Aug 26 17:24:45 2024

OUTPUT FILE NAME:   <AUTOSAR_Project.out>
ENTRY POINT SYMBOL: "_c_int00_noargs"  address: 0000129d


MEMORY CONFIGURATION

         name            origin    length      used     unused   attr    fill
----------------------  --------  ---------  --------  --------  ----  --------
  FLASH                 00000000   00040000  0000148e  0003eb72  R  X
  SRAM                  20000000   00008000  00000216  00007dea  RW X


SEGMENT ALLOCATION MAP

run origin  load origin   length   init length attrs members
----------  ----------- ---------- ----------- ----- -------
00000000    00000000    00001490   00001490    r-x
  00000000    00000000    0000026c   0000026c    r-- .intvecs
  0000026c    0000026c    000010c6   000010c6    r-x .text
  00001332    00001332    0000013c   0000013c    r-- .const
  00001470    00001470    00000020   00000020    r-- .cinit
20000000    20000000    00000216   00000000    rw-
  20000000    20000000    00000200   00000000    rw- .stack
  20000200    20000200    00000016   00000000    rw- .data


SECTION ALLOCATION MAP

 output                                  attributes/
section   page    origin      length       input sections
--------  ----  ----------  ----------   ----------------
.intvecs   0    00000000    0000026c     
                  00000000    0000026c     tm4c123gh6pm_startup_ccs.obj (.intvecs)

.text      0    0000026c    000010c6     
                  0000026c    000009a0     Port.obj (.text)
                  00000c0c    0000030c     Dio.obj (.text)
                  00000f18    000000a8     Os.obj (.text)
                  00000fc0    0000009c     rtsv7M4_T_le_v4SPD16_eabi.lib : memcpy_t2.asm.obj (.text)
                  0000105c    0000007c     Button.obj (.text)
                  000010d8    0000007c     Gpt.obj (.text)
                  00001154    00000068     rtsv7M4_T_le_v4SPD16_eabi.lib : copy_decompress_lzss.c.obj (.text:decompress:lzss:__TI_decompress_lzss)
                  000011bc    0000005c     App.obj (.text)
                  00001218    00000044     rtsv7M4_T_le_v4SPD16_eabi.lib : autoinit.c.obj (.text:__TI_auto_init_nobinit_nopinit:__TI_auto_init_nobinit_nopinit)
                  0000125c    0000003e     Led.obj (.text)
                  0000129a    00000002     --HOLE-- [fill = 0]
                  0000129c    00000034     rtsv7M4_T_le_v4SPD16_eabi.lib : boot_cortex_m.c.obj (.text:_c_int00_noargs:_c_int00_noargs)
                  000012d0    00000020     Mcu.obj (.text)
                  000012f0    00000016     Det.obj (.text)
                  00001306    0000000e     rtsv7M4_T_le_v4SPD16_eabi.lib : copy_decompress_none.c.obj (.text:decompress:none:__TI_decompress_none)
                  00001314    0000000c     tm4c123gh6pm_startup_ccs.obj (.text)
                  00001320    0000000a     main.obj (.text)
                  0000132a    00000004     rtsv7M4_T_le_v4SPD16_eabi.lib : pre_init.c.obj (.text:_system_pre_init)
                  0000132e    00000004                                   : exit.c.obj (.text:abort:abort)

.const     0    00001332    0000013c     
                  00001332    00000138     Port_PBcfg.obj (.const:Port_Configuration)
                  0000146a    00000004     Dio_PBcfg.obj (.const:Dio_Configuration)

.cinit     0    00001470    00000020     
                  00001470    0000000e     (.cinit..data.load) [load image, compression = lzss]
                  0000147e    00000002     --HOLE-- [fill = 0]
                  00001480    00000008     (__TI_handler_table)
                  00001488    00000008     (__TI_cinit_table)

.init_array 
*          0    00000000    00000000     UNINITIALIZED

.data      0    20000200    00000016     UNINITIALIZED
                  20000200    00000005     Dio.obj (.data)
                  20000205    00000003     Button.obj (.data)
                  20000208    00000005     Port.obj (.data)
                  2000020d    00000002     App.obj (.data)
                  2000020f    00000001     --HOLE--
                  20000210    00000004     Gpt.obj (.data)
                  20000214    00000002     Os.obj (.data)

.stack     0    20000000    00000200     UNINITIALIZED
                  20000000    00000004     rtsv7M4_T_le_v4SPD16_eabi.lib : boot_cortex_m.c.obj (.stack)
                  20000004    000001fc     --HOLE--

__llvm_prf_cnts 
*          0    20000000    00000000     UNINITIALIZED

MODULE SUMMARY

       Module                         code   ro data   rw data
       ------                         ----   -------   -------
    .\
       Port.obj                       2464   0         5      
       Dio.obj                        780    0         5      
       tm4c123gh6pm_startup_ccs.obj   12     620       0      
       Port_PBcfg.obj                 0      312       0      
       Os.obj                         168    0         2      
       Gpt.obj                        124    0         4      
       Button.obj                     124    0         3      
       App.obj                        92     0         2      
       Led.obj                        62     0         0      
       Mcu.obj                        32     0         0      
       Det.obj                        22     0         0      
       main.obj                       10     0         0      
       Dio_PBcfg.obj                  0      4         0      
    +--+------------------------------+------+---------+---------+
       Total:                         3890   936       21     
                                                              
    C:\ti\ccs1260\ccs\tools\compiler\ti-cgt-arm_20.2.7.LTS\lib\rtsv7M4_T_le_v4SPD16_eabi.lib
       memcpy_t2.asm.obj              156    0         0      
       copy_decompress_lzss.c.obj     104    0         0      
       autoinit.c.obj                 68     0         0      
       boot_cortex_m.c.obj            52     0         0      
       copy_decompress_none.c.obj     14     0         0      
       exit.c.obj                     4      0         0      
       pre_init.c.obj                 4      0         0      
    +--+------------------------------+------+---------+---------+
       Total:                         402    0         0      
                                                              
       Stack:                         0      0         512    
       Linker Generated:              0      30        0      
    +--+------------------------------+------+---------+---------+
       Grand Total:                   4292   966       533    


LINKER GENERATED COPY TABLES

__TI_cinit_table @ 00001488 records: 1, size/record: 8, table size: 8
	.data: load addr=00001470, load size=0000000e bytes, run addr=20000200, run size=00000016 bytes, compression=lzss


LINKER GENERATED HANDLER TABLE

__TI_handler_table @ 00001480 records: 2, size/record: 4, table size: 8
	index: 0, handler: __TI_decompress_lzss
	index: 1, handler: __TI_decompress_none


GLOBAL SYMBOLS: SORTED ALPHABETICALLY BY Name 

address   name                          
-------   ----                          
000011e1  App_Task                      
0000105d  Button_GetState               
00001063  Button_RefreshState           
000011d1  Button_Task                   
0000132f  C$$EXIT                       
000012f1  Det_ReportError               
0000146a  Dio_Configuration             
00000deb  Dio_FlipChannel               
00000c0d  Dio_Init                      
00000d11  Dio_ReadChannel               
00000c31  Dio_WriteChannel              
000011bd  Init_Task                     
00001275  Led_RefreshOutput             
00001269  Led_SetOff                    
0000125d  Led_SetOn                     
000011d9  Led_Task                      
0000128d  Led_Toggle                    
000012d1  Mcu_Init                      
00000f33  Os_NewTimerTick               
00000f43  Os_Scheduler                  
00000f19  Os_start                      
00001332  Port_Configuration            
000008c9  Port_GetVersionInfo           
0000026d  Port_Init                     
000007b3  Port_RefreshPortDirection     
00000695  Port_SetPinDirection          
00000923  Port_SetPinMode               
00001315  ResetISR                      
000010d9  SysTick_Handler               
00001131  SysTick_SetCallBack           
000010e9  SysTick_Start                 
00001129  SysTick_Stop                  
20000200  __STACK_END                   
00000200  __STACK_SIZE                  
20000200  __STACK_TOP                   
00001488  __TI_CINIT_Base               
00001490  __TI_CINIT_Limit              
00001480  __TI_Handler_Table_Base       
00001488  __TI_Handler_Table_Limit      
00001219  __TI_auto_init_nobinit_nopinit
00001155  __TI_decompress_lzss          
00001307  __TI_decompress_none          
ffffffff  __TI_pprof_out_hndl           
ffffffff  __TI_prof_data_size           
ffffffff  __TI_prof_data_start          
00000000  __TI_static_base__            
00000fc1  __aeabi_memcpy                
00000fc1  __aeabi_memcpy4               
00000fc1  __aeabi_memcpy8               
ffffffff  __binit__                     
ffffffff  __c_args__                    
UNDEFED   __mpu_init                    
20000000  __stack                       
20000000  __start___llvm_prf_cnts       
20000000  __stop___llvm_prf_cnts        
0000129d  _c_int00_noargs               
UNDEFED   _system_post_cinit            
0000132b  _system_pre_init              
0000132f  abort                         
ffffffff  binit                         
00000000  g_pfnVectors                  
00001321  main                          
00000fc1  memcpy                        


GLOBAL SYMBOLS: SORTED BY Symbol Address 

address   name                          
-------   ----                          
00000000  __TI_static_base__            
00000000  g_pfnVectors                  
00000200  __STACK_SIZE                  
0000026d  Port_Init                     
00000695  Port_SetPinDirection          
000007b3  Port_RefreshPortDirection     
000008c9  Port_GetVersionInfo           
00000923  Port_SetPinMode               
00000c0d  Dio_Init                      
00000c31  Dio_WriteChannel              
00000d11  Dio_ReadChannel               
00000deb  Dio_FlipChannel               
00000f19  Os_start                      
00000f33  Os_NewTimerTick               
00000f43  Os_Scheduler                  
00000fc1  __aeabi_memcpy                
00000fc1  __aeabi_memcpy4               
00000fc1  __aeabi_memcpy8               
00000fc1  memcpy                        
0000105d  Button_GetState               
00001063  Button_RefreshState           
000010d9  SysTick_Handler               
000010e9  SysTick_Start                 
00001129  SysTick_Stop                  
00001131  SysTick_SetCallBack           
00001155  __TI_decompress_lzss          
000011bd  Init_Task                     
000011d1  Button_Task                   
000011d9  Led_Task                      
000011e1  App_Task                      
00001219  __TI_auto_init_nobinit_nopinit
0000125d  Led_SetOn                     
00001269  Led_SetOff                    
00001275  Led_RefreshOutput             
0000128d  Led_Toggle                    
0000129d  _c_int00_noargs               
000012d1  Mcu_Init                      
000012f1  Det_ReportError               
00001307  __TI_decompress_none          
00001315  ResetISR                      
00001321  main                          
0000132b  _system_pre_init              
0000132f  C$$EXIT                       
0000132f  abort                         
00001332  Port_Configuration            
0000146a  Dio_Configuration             
00001480  __TI_Handler_Table_Base       
00001488  __TI_CINIT_Base               
00001488  __TI_Handler_Table_Limit      
00001490  __TI_CINIT_Limit              
20000000  __stack                       
20000000  __start___llvm_prf_cnts       
20000000  __stop___llvm_prf_cnts        
20000200  __STACK_END                   
20000200  __STACK_TOP                   
ffffffff  __TI_pprof_out_hndl           
ffffffff  __TI_prof_data_size           
ffffffff  __TI_prof_data_start          
ffffffff  __binit__                     
ffffffff  __c_args__                    
ffffffff  binit                         
UNDEFED   __mpu_init                    
UNDEFED   _system_post_cinit            

[63 symbols]
